[    0.000000] Initializing cgroup subsys cpuset
[    0.000000] Initializing cgroup subsys cpu
[    0.000000] Initializing cgroup subsys cpuacct
[    0.000000] Linux version 4.4.0-137-generic (buildd@lgw01-amd64-037) (gcc version 5.4.0 20160609 (Ubuntu 5.4.0-6ubuntu1~16.04.10) ) #163-Ubuntu SMP Mon Sep 24 13:14:43 UTC 2018 (Ubuntu 4.4.0-137.163-generic 4.4.144)
[    0.000000] Command line: BOOT_IMAGE=/boot/vmlinuz-4.4.0-137-generic root=LABEL=cloudimg-rootfs ro console=tty1 console=ttyS0
[    0.000000] KERNEL supported cpus:
[    0.000000]   Intel GenuineIntel
[    0.000000]   AMD AuthenticAMD
[    0.000000]   Centaur CentaurHauls
[    0.000000] x86/fpu: xstate_offset[2]:  576, xstate_sizes[2]:  256
[    0.000000] x86/fpu: Supporting XSAVE feature 0x01: 'x87 floating point registers'
[    0.000000] x86/fpu: Supporting XSAVE feature 0x02: 'SSE registers'
[    0.000000] x86/fpu: Supporting XSAVE feature 0x04: 'AVX registers'
[    0.000000] x86/fpu: Enabled xstate features 0x7, context size is 832 bytes, using 'standard' format.
[    0.000000] e820: BIOS-provide physical RAM map:
[    0.000000] BIOS-e820: [mem 0x0000000000000000-0x000000000009fbff] usable
[    0.000000] BIOS-e820: [mem 0x000000000009fc00-0x000000000009ffff] reserved
[    0.000000] BIOS-e820: [mem 0x00000000000f0000-0x00000000000fffff] reserved
[    0.000000] BIOS-e820: [mem 0x0000000000100000-0x00000007ffeffff] usable
[    0.000000] BIOS-e820: [mem 0x000000007fff0000-0x000000007fffffff] ACPI data
[    0.000000] BIOS-e820:[mem 0x00000000fec00000-0x00000000fec00fff] reserved
[    0.000000] BIOS-e820: [mem 0x00000000fee00000-0x00000000fee00fff] reserved
[    0.000000] BIOS-e820: [mem 0x00000000fffc0000-0x00000000ffffffff] reserved
[    0.000000] NX (Execute Disable) protection: active
[    0.000000] SMBIOS 2.5 present.
[    0.000000] Hypervisor detected: KVM
[    0.000000] e820: last_pfn = 0x7fff0 max_arch_pfn = 0x400000000
[    0.000000] MTRR: Disabled
[    0.000000] x86/PAT: MTRRs disabled, skipping PAT initialization too.
[    0.000000] CPU MTRRs all blank - virtualized system.
[    0.000000] x86/PAT: Configuration [0-7]: WB  WT  UC- UC  WB  WT  UC- UC  
[    0.000000] found SMP MP-table at [mem 0x0009fff0-0x0009ffff] mapped at [ffff88000009fff0]
[    0.000000] Scanning 1 areas for low memory corruption
[    0.000000] RAMDISK: [mem 0x3630e000-0x3717efff]
[    0.000000] ACPI: Early table checksum verification disabled
[    0.000000] ACPI: RSDP 0x00000000000E0000 000024 (v02 VBOX  )
[    0.000000] ACPI: XSDT 0x000000007FFF0030 00003C (v01 VBOX   VBOXXSDT 00000001ASL  00000061)
[    0.000000] ACPI: FACP 0x000000007FFF00F0 0000F4 (v04 VBOX   VBOXFACP 00000001 ASL  00000061)
[    0.000000] ACPI: DSDT 0x000000007FFF0470 0021FF (v02 VBOX   VBOXBIOS 00000002 INTL 20100528)
[    0.000000] ACPI: FACS 0x000000007FFF0200 000040
[    0.000000] ACPI: FACS 0x000000007FFF0200 000040
[    0.000000] ACPI: APIC 0x000000007FFF0240 00005C (v02 VBOX   VBOXAPIC 00000001 ASL  00000061)
[    0.000000] ACPI: SSDT 0x000000007FFF02A0 0001CC (v01 VBOX   VBOXCPUT 00000002 INTL 20100528)
[    0.000000] No NUMA configuration found
[    0.000000] Faking a node at [mem 0x0000000000000000-0x000000007ffeffff]
[    0.000000] NODE_DATA(0) allocated [mem 0x7ffeb000-0x7ffeffff]
[    0.000000] kvm-clock: Using msrs 4b564d01 and 4b564d00
[    0.000000] kvm-clock: cpu 0, msr 0:7ffe3001, primary cpu clock
[    0.000000] kvm-clock: using sched offset of 4594895710 cycles
[    0.000000] clocksource: kvm-clock: mask: 0xffffffffffffffff max_cycles: 0x1cd42e4dffb, max_idle_ns: 881590591483 ns
[    0.000000] Zone ranges:
[    0.000000]   DMA      [mem 0x0000000000001000-0x0000000000ffffff]
[    0.000000]   DMA32    [mem 0x0000000001000000-0x000000007ffeffff]
[    0.000000]   Normal   empty
[    0.000000]   Device   empty
[    0.000000] Movable zone start for each node
[    0.000000] Early memory node ranges
[    0.000000]   node   0: [mem 0x0000000000001000-0x000000000009efff]
[    0.000000]   node   0: [mem 0x0000000000100000-0x000000007ffeffff]
[    0.000000] Initmem stup node 0 [mem 0x0000000000001000-0x000000007ffeffff]
[    0.000000] ACPI: PM-Timer IO Port: 0x4008
[    0.000000] IOAPIC[0]: apic_id 2, version 32, address 0xfec00000, GSI 0-23
[    0.000000] ACPI: INT_SRC_OVR (bus 0 bus_irq 0 global_irq 2 dfl dfl)
[    0.000000] ACPI: INT_SRC_OVR (bus 0 bus_irq 9 global_irq 9 low level)
[    0.000000] Using ACPI (MADT) for SMP configuration information
[    0.000000] smpboot: Alowing 2 CPUs, 0 hotplug CPUs
[    0.000000] PM: Registered nosave memory: [mem 0x00000000-0x00000fff]
[    0.00000] PM: Registered nosave memory: [mem 0x0009f000-0x0009ffff]
[    0.000000] PM: Registered nosave memory: [mem 0x000a0000-0x000effff]
[    0.000000] PM: Registered nosave memory: [mem 0x000f0000-0x000fffff]
[    0.000000] e820: [mem 0x80000000-0xfebfffff] available for PCI devices
[    0.000000] Booting paravirtualized kernel on KVM
[    0.000000] clocksource: refined-jiffies: mask: 0xffffffff max_cycles: 0xffffffff, max_idle_ns: 7645519600211568 ns
[    0.000000] setup_percpu: NR_CPUS:512 nr_cpumask_bits:512 nr_cpu_ids:2 nr_node_ids:1
[    0.000000] PERCPU: Embedded 34 pages/cpu @ffff88007fc00000 s99608 r8192 d31464 u1048576
[    0.000000] PV qspinlock hash table entries: 256 (order: 0, 4096 bytes)
[    0.000000] Built 1 zonelists in Node order, mobility grouping on.  Total pages: 515960
[    0.000000] Policy zone: DMA32
[    0.000000] Kernel command line: BOOT_IMAGE=/boot/vmlinuz-4.4.0-137-generic root=LABEL=cloudimg-rootfs ro console=tty1 console=ttyS0
[    0.000000] PID hash table entries: 4096 (order: 3, 32768 bytes)
[    0.000000] Memory: 2029908K/2096696K available (8555K kernel code, 1314K rwdata, 4004K rodata, 1528K init, 1316K bss, 66788K reserved, 0K cma-reserved)
[    0.000000] SLUB: HWalign=64, Order=0-3, MinObjects=0, CPUs=2, Nodes=1
[    0.000000] Kernel/User page tables isolation: enabled
[    0.000000] Hierarchical RCU implementation.
[    0.000000] 	Build-time adjustment of leaf fanout to 64.
[    0.000000] 	RCU restricting CPUs from NR_CPUS=512 to nr_cpu_ids=2.
[    0.000000] RCU: Adjusting geometry for rcu_fanout_leaf=64, nr_cpu_ids=2
[    0.000000] NR_IRQS:33024 nr_irqs:440 16
[    0.000000] Console: colour VGA+ 80x25
[    0.000000] console [tty1] enabled
[    0.000000] console [ttyS0] enabled
[    0.000000] tsc: Detected 4007.996 MHz processor
[    0.802947] Calibrating delay loop (skipped) preset value.. 8015.99 BogoMIPS (lpj=16031984)
[    0.807053] pid_max: default: 32768 minimum: 301
[    0.809261] ACPI: Core revision 20150930
[    0.811866] ACPI: 2 ACPI AML tables successfully acquired and loaded
[    0.815061] Security Framework initialized
[    0.817156] Yama: becoming mindful.
[    0.818917] AppArmor: AppArmor initialized
[    0.823123] Dentry cache hash table entries: 262144 (order: 9, 2097152 bytes)
[    0.826418] Inode-cache hash table entries: 131072 (order: 8, 1048576 bytes)
[    0.831661] Mount-cache hash table entries: 4096 (order: 3, 32768 bytes)
[    0.834714] Mountpoint-cache hash table entries: 4096 (order: 3, 32768 bytes)
[    0.837920] Initializing cgroup subsys io
[    0.839868] Initializing cgroup subsys memory
[    0.841992] Initializing cgroup subsys devices
[    0.844102] Initializing cgroup subsys freezer
[    0.846201] Initializing cgroup subsys net_cls
[    0.848374] Initializing cgroup subsys perf_event
[    0.850984] Initializing cgroup subsys net_prio
[    0.853135] Initializing cgroup subsys hugetlb
[    0.855233] Initializing cgroup subsys pids
[    0.858252] mce: CPU supports 0 MCE banks
[    0.860212] Last level iTLB entries: 4KB 64, 2MB 8, 4MB 8
[    0.862720] Last level dTLB entries: 4KB 64, 2MB 0, 4MB 0, 1GB 4
[    0.865508] Spectre V2 : Mitigation: Full generic retpoline
[    0.868019] Spectre V2 : Spectre v2 mitigation: Speculation control IBPB not-supported IBRS not-supported
[    0.871989] Spectre V2 : Spectre v2 / SpectreRSB mitigation: Filling RSB on context switch
[    0.876420] Speculative Store Bypass: Vulnerable
[    0.886730] Freeing SMP alternatives memory: 32K
[    0.912702] ftrace: allocating 32265 entries in 127 pages
[    1.036850] smpboot: APIC(0) Converting physical 0 to logical package 0
[    1.039821] smpboot: Max logical packages: 1
[    1.042449] x2apic enabled
[    1.044355] Switched APIC routing to physical x2apic.
[    1.048697] ..TIMER: vector=0x30 apic1=0 pin1=2 apic2=-1 pin2=-1
[    1.156261] smpboot: CPU0: Intel(R) Core(TM) i7-6700K CPU @ 4.00GHz (family: 0x6, model: 0x5e, stepping: 0x3)
[    1.161329] Performance Events: unsupported p6 CPU model 94 no PMU driver, software events only.
[    1.165811] KVM setup paravirtual spinlock
[    1.171022] x86: Booting SMP configuration:
[    1.173111] .... node  #0, CPUs:      #1
[    1.175333] kvm-clock: cpu 1, msr 0:7ffe3041, secondary cpu clock
[    1.178508] mce: CPU supports 0 MCE banks
[    1.181897] x86: Booted up 1 node, 2 CPUs
[    1.184234] smpboot: Total of 2 processors activated (16031.98 BogoMIPS)
[    1.187717] devtmpfs: initialized
[    1.190590] evm: security.selinux
[    1.192328] evm: security.SMACK64
[    1.194110] evm: security.SMACK64EXEC
[    1.195972] evm: security.SMACK64TRANSMUTE
[    1.197961] evm: security.SMACK64MMAP
[    1.205044] evm: security.ima
[    1.206619] evm: security.capability
[    1.208563] clocksource: jiffies: mask: 0xffffffff max_cycles: 0xffffffff, max_idle_ns: 7645041785100000 ns
[    1.212999] futex hash table entries: 512 (order: 3, 32768 bytes)
[    1.215917] pinctrl core: initialized pinctrl subsystem
[    1.218448] RTC time: 17:32:34, date: 10/13/18
[    1.220737] NET: Registered protocol family 16
[    1.241374] cpuidle: using governor ladder
[    1.252900] cpuidle: using governor menu
[    1.254897] PCCT header not found.
[    1.256711] ACPI: bus type PCI registered
[    1.258768] acpiphp: ACPI Hot Plug PCI Controller Driver version: 0.5
[    1.261818] PCI: Using configuration type 1 for base access
[    1.277701] ACPI: Added _OSI(Module Device)
[    1.279746] ACPI: Added _OSI(Processor Device)
[    1.281907] ACPI: Added _OSI(3.0 _SCP Extensions)
[    1.290187] ACPI: Added _OSI(Processor Aggregator Device)
[    1.293779] ACPI: Executed 1 blocks of module-level executable AML code
[    1.298748] ACPI: Interpreter enabled
[    1.312109] ACPI: (supports S0 S5)
[    1.313817] ACPI: Using IOAPIC for interrupt routing
[    1.316323] PCI: Using host bridge windows from ACPI; if necessary, use "pci=nocrs" and report a bug
[    1.324917] ACPI: PCI Root Bridge [PCI0] (domain 0000 [bus 00-ff])
[    1.327686] acpi PNP0A03:00: _OSC: OS supports [ASPM ClockPM Segments MSI]
[    1.330674] acpi PNP0A03:00: _OSC: not requesting OS control; OS requires [ExtendedConfig ASPM ClockPM MSI]
[    1.340869] acpi PNP0A03:00: fail to add MMCONFIG information, can't access extended PCI configuration space under this bridge.
[    1.346436] PCI host bridge to bus 0000:00
[    1.348395] pci_bus 0000:00: root bus resource [io  0x0000-0x0cf7 window]
[    1.357003] pci_bus 0000:00: root bus resource [io  0x0d00-0xffff window]
[    1.359962] pci_bus 0000:00: root bus resource [mem 0x000a0000-0x000bffff window]
[    1.363506] pci_bus 0000:00: root bus resource [mem 0x80000000-0xfdffffff window]
[    1.372989] pci_bus 0000:00: root bus resource [bus 00-ff]
[    1.380385] pci 0000:00:01.1: legacy IDE quirk: reg 0x10: [io  0x01f0-0x01f7]
[    1.389251] pci 0000:00:01.1: legacy IDE quirk: reg 0x14: [io  0x03f6]
[    1.392084] pci 0000:00:01.1: legacy IDE quirk: reg 0x18: [io  0x0170-0x0177]
[    1.395182] pci 0000:00:01.1: legacy IDE quirk: reg 0x1c: [io  0x0376]
[    1.439616] pci 0000:00:07.0: quirk: [io  0x4000-0x403f] claimed by PIIX4 ACPI
[    1.443118] pci 0000:00:07.0: quirk: [io  0x4100-0x410f] claimed by PIIX4 SMB
[    1.462896] ACPI: PCI Interrupt Link [LNKA] (IRQs 5 9 10 *11)
[    1.466856] ACPI: PCI Interrupt Link [LNKB] (IRQs 5 9 *10 11)
[    1.470705] ACPI: PCI Interrupt Link [LNKC] (IRQs 5 *9 10 11)
[    1.474579] ACPI: PCI Interrupt Link [LNKD] (IRQs 5 9 10 *11)
[    1.478487] ACPI: Enabled 2 GPEs in block 00 to 07
[    1.481458] vgaarb: setting as boot device: PCI:0000:00:02.0
[    1.489956] vgaarb: device added: PCI:0000:00:02.0,decodes=io+mem,owns=io+mem,locks=none
[    1.493801] vgaarb: loaded
[    1.495306] vgaarb: bridge control possible 0000:00:02.0
[    1.498012] SCSI subsystem initialized
[    1.500066] ACPI: bus type USB registered
[    1.502047] usbcore: registered new interface driver usbfs
[    1.504569] usbcore: registered new interface driver hub
[    1.507006] usbcore: registered new device driver usb
[    1.509641] PCI: Using ACPI for IRQ routing
[    1.512278] NetLabel: Initializing
[    1.514053] NetLabel:  domain hash size = 128
[    1.516140] NetLabel:  protocols = UNLABELED CIPSOv4
[    1.518525] NetLabel:  unlabeled traffic allowed by default
[    1.521275] amd_nb: Cannot enumerate AMD northbridges
[    1.523647] clocksource: Switched to clocksource kvm-clock
[    1.534679] AppArmor: AppArmor Filesystem Enabled
[    1.536940] pnp: PnP ACPI init
[    1.539831] pnp: PnP ACPI: found 3 devices
[    1.554779] clocksource: acpi_pm: mask: 0xffffff max_cycles: 0xffffff, max_idle_ns: 2085701024 ns
[    1.558886] NET: Registered protocol family 2
[    1.561157] TCP established hash table entries: 16384 (order: 5, 131072 bytes)
[    1.564669] TCP bind hash table entries: 16384 (order: 6, 262144 bytes)
[    1.567590] TCP: Hash tables configured (established 16384 bind 16384)
[    1.570563] UDP hash table entries: 1024 (order: 3, 32768 bytes)
[    1.573357] UDP-Lite hash table entries: 1024 (order: 3, 32768 bytes)
[    1.576178] NET: Registered protocol family 1
[    1.578305] pci 0000:00:00.0: Limiting direct PCI/PCI transfers
[    1.581029] pci 0000:00:01.0: Activating ISA DMA hang workarounds
[    1.584097] Unpacking initramfs...
[    1.779135] Freeing initrd memory: 14788K
[    1.781345] platform rtc_cmos: registered platform RTC device (no PNP device found)
[    1.790631] Scanning for low memory corruption every 60 seconds
[    1.793856] audit: initializing netlink subsys (disabled)
[    1.796388] audit: type=2000 audit(1539451960.821:1): initialized
[    1.799387] Initialise system trusted keyring
[    1.814685] HugeTLB registered 2 MB page size, pre-allocated 0 pages
[    1.818592] zbud: loaded
[    1.820477] VFS: Disk quotas dquot_6.6.0
[    1.822587] VFS: Dquot-cache hash table entries: 512 (order 0, 4096 bytes)
[    1.826008] squashfs: version 4.0 (2009/01/31) Phillip Lougher
[    1.829029] fuse init (API version 7.23)
[    1.831269] Key type big_key registered
[    1.833289] Allocating IMA MOK and blacklist keyrings.
[    1.837880] Key type asymmetric registered
[    1.839894] Asymmetric key parser 'x509' registered
[    1.842338] Block layer SCSI generic (bsg) driver version 0.4 loaded (major 249)
[    1.846136] io scheduler noop registered
[    1.848076] io scheduler deadline registered (default)
[    1.850552] io scheduler cfq registered
[    1.852663] pci_hotplug: PCI Hot Plug PCI Core version: 0.5
[    1.855203] pciehp: PCI Express Hot Plug Controller Driver version: 0.4
[    1.858307] ACPI: AC Adapter [AC] (on-line)
[    1.860352] input: Power Button as /devices/LNXSYSTM:00/LNXPWRBN:00/input/input0
[    1.863928] ACPI: Power Button [PWRF]
[    1.865924] input: Sleep Button as /devices/LNXSYSTM:00/LNXSLPBN:00/input/input1
[    1.870282] ACPI: Sleep Button [SLPF]
[    1.872961] GHES: HEST is not enabled!
[    1.875052] Serial: 8250/16550 driver, 32 ports, IRQ sharing enabled
[    1.905947] 00:02: ttyS0 at I/O 0x3f8 (irq = 4, base_baud = 115200) is a 16550A
[    1.912659] Linux agpgart interface v0.103
[    1.918868] loop: module loaded
[    1.921312] scsi host0: ata_piix
[    1.923132] scsi host1: ata_piix
[    1.924864] ata1: PATA max UDMA/33 cmd 0x1f0 ctl 0x3f6 bmdma 0xd000 irq 14
[    1.927852] ata2: PATA max UDMA/33 cmd 0x170 ctl 0x376 bmdma 0xd008 irq 15
[    1.930901] libphy: Fixed MDIO Bus: probed
[    1.933012] tun: Universal TUN/TAP device driver, 1.6
[    1.935413] tun: (C) 1999-2004 Max Krasnyansky <maxk@qualcomm.com>
[    1.938294] PPP generic driver version 2.4.2
[    1.940498] ehci_hcd: USB 2.0 'Enhanced' Host Controller (EHCI) Driver
[    1.943501] ehci-pci: EHCI PCI platform driver
[    1.946452] ehci-platform: EHCI generic platform driver
[    1.949603] ohci_hcd: USB 1.1 'Open' Host Controller (OHCI) Driver
[    1.952937] ohci-pci: OHCI PCI platform driver
[    1.955539] ohci-platform: OHCI generic platform driver
[    1.958231] uhci_hcd: USB Universal Host Controller Interface driver
[    1.962824] i8042: PNP: PS/2 Controller [PNP0303:PS2K,PNP0f03:PS2M] at 0x60,0x64 irq 1,12
[    1.970149] serio: i8042 KBD port at 0x60,0x64 irq 1
[    1.973520] serio: i8042 AUX port at 0x60,0x64 irq 12
[    1.977886] mousedev: PS/2 mouse device common for all mice
[    1.982188] input: AT Translated Set 2 keyboard as /devices/platform/i8042/serio0/input/input2
[    1.988815] rtc_cmos rtc_cmos: rtc core: registered rtc_cmos as rtc0
[    1.992517] rtc_cmos rtc_cmos: alarms up to one day, 114 bytes nvram
[    1.996445] i2c /dev entries driver
[    1.998978] device-mapper: uevent: version 1.0.3
[    2.002253] device-mapper: ioctl: 4.34.0-ioctl (2015-10-28) initialised: dm-devel@redhat.com
[    2.014154] ledtrig-cpu: registered to indicate activity on CPUs
[    2.025791] NET: Registered protocol family 10
[    2.030469] NET: Registered protocol family 17
[    2.033387] Key type dns_resolver registered
[    2.036627] registered taskstats version 1
[    2.040781] Loading compiled-in X.509 certificates
[    2.043949] Loaded X.509 cert 'Build time autogenerated kernel key: 20acc96b50ca7641011eace69d32209215a9b56f'
[    2.048700] zswap: loaded using pool lzo/zbud
[    2.058354] Key type trusted registered
[    2.062945] Key type encrypted registered
[    2.064945] AppArmor: AppArmor sha1 policy hashing enabled
[    2.073568] ima: No TPM chip found, activating TPM-bypass!
[    2.076170] ima: Allocated hash algorithm: sha1
[    2.078963] evm: HMAC attrs: 0x1
[    2.082032]   Magic number: 6:283:542
[    2.090560] rtc_cmos rtc_cmos: setting system clock to 2018-10-13 17:32:35 UTC (1539451955)
[    2.095732] BIOS EDD facility v0.16 2004-Jun-25, 0 devices found
[    2.098372] EDD information not available.
[    2.101983] Freeing unused kernel memory: 1528K
[    2.120649] Write protecting the kernel read-only data: 14336k
[    2.123705] Freeing unused kernel memory: 1672K
[    2.126057] Freeing unused kernel memory: 92K
Loading, please wait...
starting version 229
[    2.139037] random: udevadm: uninitialized urandom read (16 bytes read, 3 bits of entropy available)
[    2.139233] random: systemd-udevd: uninitialized urandom read (16 bytes read, 3 bits of entropy available)
[    2.139282] random: systemd-udevd: uninitialized urandom read (16 bytes read, 3 bits of entropy available)
[    2.139289] random: systemd-udevd: uninitialized urandom read (16 bytes read, 3 bits of entropy available)
[    2.139297] random: systemd-udevd: uninitialized urandom read (16 bytes read, 3 bits of entropy available)
[    2.160948] random: udevadm: uninitialized urandom read (16 bytes read, 3 bits of entropy available)
[    2.169127] random: systemd-udevd: uninitialized urandom read (16 bytes read, 3 bits of entropy available)
[    2.173691] random: systemd-udevd: uninitialized urandom read (16 bytes read, 3 bits of entropy available)
[    2.177778] random: udevadm: uninitialized urandom read (16 bytes read, 3 bits of entropy available)
[    2.177807] random: udevadm: uninitialized urandom read (16 bytes read, 3 bits of entropy available)
[    2.209590] e1000: Intel(R) PRO/1000 Network Driver - version 7.3.21-k8-NAPI
[    2.212778] e1000: Copyright (c) 1999-2006 Intel Corporation.
[    2.223621] Fusion MPT base driver 3.04.20
[    2.225659] Copyright (c) 1999-2008 LSI Corporation
[    2.236216] AVX2 version of gcm_enc/dec engaged.
[    2.238481] AES CTR mode by8 optimization enabled
[    2.244782] Fusion MPT SPI Host driver 3.04.20
[    2.466345] input: ImExPS/2 Generic Explorer Mouse as /devices/platform/i8042/serio1/input/input4
[    3.252624] tsc: Refined TSC clocksource calibration: 4007.522 MHz
[    3.255401] clocksource: tsc: mask: 0xffffffffffffffff max_cycles: 0x39c41eb7bf7, max_idle_ns: 440795289522 ns
[    3.289285] e1000 0000:00:03.0 eth0: (PCI:33MHz:32-bit) 02:28:89:27:00:51
[    3.293609] e1000 0000:00:03.0 eth0: Intel(R) PRO/1000 Network Connection
[    3.297414] mptbase: ioc0: Initiating bringup
[    3.399762] ioc0: LSI53C1030 A0: Capabilities={Initiator}
[    4.441099] scsi host2: ioc0: LSI53C1030 A0, FwRev=00000000h, Ports=1, MaxQ=256, IRQ=20
[    4.580461] scsi 2:0:0:0: Direct-Access     VBOX     HARDDISK         1.0  PQ: 0 ANSI: 5
[    4.584258] scsi target2:0:0: Beginning Domain Validation
[    4.595019] scsi target2:0:0: Domain Validation skipping write tests
[    4.597833] scsi target2:0:0: Ending Domain Validation
[    4.600278] scsi target2:0:0: asynchronous
[    4.602701] scsi 2:0:1:0: Direct-Access     VBOX     HARDDISK         1.0  PQ: 0 ANSI: 5
[    4.606592] scsi target2:0:1: Beginning Domain Validation
[    4.609895] scsi target2:0:1: Domain Validation skipping write tests
[    4.612710] scsi target2:0:1: Ending Domain Validation
[    4.615199] scsi target2:0:1: asynchronous
[    4.680641] sd 2:0:0:0: Attached scsi generic sg0 type 0
[    4.683205] sd 2:0:0:0: [sda] 20971520 512-byte logical blocks: (10.7 GB/10.0 GiB)
[    4.687453] sd 2:0:1:0: Attached scsi generic sg1 type 0
[    4.690392] sd 2:0:0:0: [sda] Write Protect is off
[    4.692868] sd 2:0:1:0: [sdb] 20480 512-byte logical blocks: (10.5 MB/10.0 MiB)
[    4.696758] sd 2:0:0:0: [sda] Incomplete mode parameter data
[    4.699428] sd 2:0:0:0: [sda] Assuming drive cache: write through
[    4.702582] sd 2:0:1:0: [sdb] Write Protect is off
[    4.705074] sd 2:0:1:0: [sdb] Incomplete mode parameter data
[    4.707743] sd 2:0:1:0: [sdb] Assuming drive cache: write through
[    4.712669] sd 2:0:1:0: [sdb] Attached SCSI disk
[    4.715003]  sda: sda1
[    4.717023] sd 2:0:0:0: [sda] Attached SCSI disk
[    5.124557] e1000 0000:00:08.0 eth1: (PCI:33MHz:32-bit) 08:00:27:df:e2:91
[    5.127494] e1000 0000:00:08.0 eth1: Intel(R) PRO/1000 Network Connection
[    5.131477] e1000 0000:00:03.0 enp0s3: renamed from eth0
[    5.144042] e1000 0000:00:08.0 enp0s8: renamed from eth1
Begin: Loading essential drivers ... [    6.658796] md: linear personality registered for level -1
[    6.663797] md: multipath personality registered for level -4
[    6.675053] md: raid0 personality registered for level 0
[    6.680456] md: raid1 personality registered for level 1
[    6.751876] raid6: sse2x1   gen() 13077 MB/s
[    6.824058] raid6: sse2x1   xor()  9291 MB/s
[    6.891741] raid6: sse2x2   gen() 17192 MB/s
[    6.959937] raid6: sse2x2   xor() 11431 MB/s
[    7.028102] raid6: sse2x4   gen() 15304 MB/s
[    7.095782] raid6: sse2x4   xor() 13238 MB/s
[    7.163961] raid6: avx2x1   gen() 27669 MB/s
[    7.231655] raid6: avx2x2   gen() 32529 MB/s
[    7.299848] raid6: avx2x4   gen() 26201 MB/s
[    7.310958] raid6: using algorithm avx2x2 gen() 32529 MB/s
[    7.313565] raid6: using avx2x2 recovery algorithm
[    7.317046] xor: automatically using best checksumming function:
[    7.355970]    avx       : 29667.000 MB/sec
[    7.359213] async_tx: api initialized (async)
[    7.368461] md: raid6 personality registered for level 6
[    7.370927] md: raid5 personality registered for level 5
[    7.373447] md: raid4 personality registered for level 4
[    7.380559] md: raid10 personality registered for level 10
done.
Begin: Running /scripts/init-premount ... done.
Begin: Mounting root file system ... Begin: Running /scripts/local-top ... done.
Begin: Running /scripts/local-premount ... [    7.413415] Btrfs loaded
Scanning for Btrfs filesystems
done.
Warning: fsck not present, so skipping root file system
[    7.437827] EXT4-fs (sda1): mounted filesystem with ordered data mode. Opts: (null)
done.
Begin: Running /scripts/local-bottom ... done.
Begin: Running /scripts/init-bottom ... done.
[    7.522133] systemd[1]: systemd 229 running in system mode. (+PAM +AUDIT +SELINUX +IMA +APPARMOR +SMACK +SYSINIT +UTMP +LIBCRYPTSETUP +GCRYPT +GNUTL+ACL +XZ -LZ4 +SECCOMP +BLKID +ELFUTILS +KMOD -IDN)
[    7.672685] systemd[1]: Detected virtualization oracle.
[    7.675215] systemd[1]: Detected architecture x86-64.

Welcome to [1mUbuntu 16.04.5 LTS[0m!

[    7.682137] systemd[1]: Set hostname to <ubuntu>.
[    7.685718] systemd[1]: Initializing machine ID from random generator.    7.735052] systemd[1]: Installed transient /etc/machine-id file.

[    7.954672] systemd[1]: Created slice System Slice.
[[0;32m  OK  [0m] Created slice System Slice.
[    7.964281] systemd[1]: Listening on /dev/initctl Compatibility Named Pipe.
[[0;32m  OK  [0m] Listening on /dev/initctl Compatibility Named Pipe.
[    7.975414] systd[1]: Created slice User and Session Slice.
[[0;32m  OK  [0m] Created slice User and Session Slice.
[    8.085099] systemd[1]: Started Trigger resolvconf update for networkd DNS.
[[0;32m  OK  [0m] Started Trigger resolvconf update for networkd DNS.
[    8.092333] systemd[1]: Listening on udev Kernel Socket.
[[0;32m  OK  [0m] Listening on udev Kernel Socket.
[    8.098626] systemd[1]: Created slice system-serial\x2dgetty.slice.
[[0;32m  OK  [0m] Created slice system-serial\x2dgetty.slice.
[    8.105355] systemd[1]: Listening on LVM2 poll daemon socket.
[[0;32m  OK  [0m] Listening on LVM2 poll daemon socket.
[    8.112134] systemd[1]: Listening on Journal Socket.
[[0;32m  OK  [0m] Listening on Journal Socket.

[    8.128091] systemd[1]: Mounting Debug File System...
         Mounting Debug File System...
[    8.133696] systemd[1]: Listening on Device-mapper event daemon FIFOs.
[[0;32m  OK  [0m] Listening on Device-mapper event daemon FIFOs.
[    8.141182] systemd[1]: Starting Remount Root and Kernel File Systems...
         Starting Remount Root and Kernel File Systems...[    8.146891] EXT4-fs (sda1): re-mounted. Opts: (null)

[    8.150466] systemd[1]: Starting Load Kernel Modules...
         Starting Load Kernel Modules...
[    8.156644] systemd[1]: Starting Uncomplicated firewall...
[    8.159616] Loading iSCSI transport class v2.0-870.
         Starting Uncomplicated firewall...
[    8.164795] systemd[1]: Mounting Huge Pages File System...
         Mounting Huge Pages File System...
[    8.170767] systemd[1]: Reached target System Time Synchronized.
[    8.179810] iscsi: registered transport (tcp)
[[0;32m  OK  [0m] Reached target System Time Synchronized.
[    8.193429] systemd[1]: Starting Create list of required static device nodes for the current kernel...
         Starting Create list of required st... nodes for the current kernel...
[    8.202827] systemd[1]: Listening on LVM2 metadata daemon socket.
[[0;32m  OK  [0m] Listening on LVM2 metadata daemon socket.
[    8.212349] systemd[1]: Starting Monitoring of LVM2 mirrors, snapshots etc. using dmeventd or progress polling...
         Starting Monitoring of LVM2 mirrors... dmeventd or progress polling...
[    8.221155] systemd[1]: Reached target Swap.
[[0;32m  OK  [0m] Reached target Swap.
[    8.226488] systemd[1]: Mounting POSIX Message Queue File System...
         Mounting POSIX Message Queue File System...
[    8.235034] systemd[1]: Reached target User and Group Name Lookups.
[[0;32m  OK  [0m] Reached target User and Group Name Lookups.
[    8.240947] systemd[1]: Reached target Slices.
[[0;32m  OK  [0m] Reached target Slices.
[    8.245621] systemd[1]: Listening on udev Control Socket.
[    8.248696] iscsi: registered transport (iser)
[[0;32m  OK  [0m] Listening on udev Control Socket.
[    8.252777] systemd[1]: Started Forward Password Requests to Wall Directory Watch.
[[0;32m  OK  [0m] Started Forward Password Requests to Wall Directory Watch.
[    8.264400] systemd[1]: Reached target Encrypted Volumes.
[[0;32m  OK  [0m] Reached target Encrypted Volumes.
[    8.269442] systemd[1]: Listening on Journal Socket (/dev/log).
[[0;32m  OK  [0m] Listening on Journal Socket (/dev/log).
[    8.274828] systemd[1]: Set up automount Arbitrary Executable File Formats File System Automount Point.
[[0;32m  OK  [0m] Set up automount Arbitrary Executab...ats File System Automount Point.
[    8.283225] systemd[1]: Listening on Journal Audit Socket.
[[0;32m  OK  [0m] Listening on Journal Audit Socket.
[    8.288353] systemd[1]: Listening on Syslog Socket.
[[0;32m  OK  [0m] Listening on Syslog Socket.
[    8.308118] systemd[1]: Starting Journal Service...
         Starting Journal Service...
[    8.324409] systemd[1]: Starting Nameserver information manager...
         Starting Nameserver information manager...
[    8.330110] systemd[1]: Starting Set console keymap...
         Starting Set console keymap...
[    8.335994] systemd[1]: Mounted Debug File System.
[[0;32m  OK  [0m] Mounted Debug File System.
[    8.340611] systemd[1]: Mounted POSIX Message Queue File System.
[[0;32m  OK  [0m] Mounted POSIX Message Queue File System.
[    8.348261] systemd[1]: Mounted Huge Pages File System.
[[0;32m  OK  [0m] Mounted Huge Pages File System.
[    8.353377] systemd[1]: Started Journal Service.
[[0;32m  OK  [0m] Started Journal Service.
[[0;32m  OK  [0m] Started Remount Root and Kernel File Systems.
[[0;32m  OK  [0m] Started Load Kernel Modules.
[[0;32m  OK  [0m] Started Uncomplicated firewall.
[[0;32m  OK  [0m] Started Create list of required sta...ce nodes for the current kernel.
[[0;32m  OK  [0m] Started Set console keymap.
[[0;32m  OK  [0m] Started Nameserver information manager.
[    8.410353] random: nonblocking pool is initialized
[[0;32m  OK  [0m] Started LVM2 metadata daemon.
         Starting Create Static Device Nodes in /dev...
         Starting Apply Kernel Variables...
         Mounting FUSE Control File System...
         Starting udev Coldplug all Devices...
         Starting Load/Save Random Seed...
         Starting Flush Journal to Persistent Storage...
[[0;32m  OK  [0m] Mounted FUSE Control File System.
[[0;32m  OK  [0m] Started Create Static Device Nodes in /dev.
[[0;32m  OK  [0m] Started Apply Kernel Variables.
[[0;32m  OK  [0m] Started Load/Save Random Seed.
[[0;32m  OK  [0m] Started Flush Journal to Persistent Storage.
         Starting udev Kernel Device Manager...
[[0;32m  OK  [0m] Started udev Coldplug all Devices.
[[0;32m  OK  [0m] Started udev Kernel Device Manager.
[[0;32m  OK  [0m] Started Dispatch Password Requests to Console Directory Watch.
[[0;32m  OK  [0m] Found device /dev/ttyS0.
[[0;32m  OK  [0m] Listening on Load/Save RF Kill Switch Status /dev/rfkill Watch.
[[0;32m  OK  [0m] Started Monitoring of LVM2 mirrors,...ng dmeventd or progress polling.
[[0;32m  OK  [0m] Reached target Local File Systems (Pre).
[[0;32m  OK  [0m] Reached target Local File Systems.
         Starting Set console font and keymap...
         Starting Tell Plymouth To Write Out Runtime Data...
         Starting LSB: AppArmor initialization...
         Starting Initial cloud-init job (pre-networking)...
         Starting Create Volatile Files and Directories...
         Starting Commit a transient machine-id on disk...
[[0;32m  OK  [0m] Started Tell Plymouth To Write Out Runtime Data.
[[0;32m  OK  [0m] Started Create Volatile Files and Directories.
[[0;32m  OK  [0m] Started Commit a transient machine-id on disk.
         Starting Update UTMP about System Boot/Shutdown...
[[0;32m  OK  [0m] Started Set console font and keymap.
[[0;32m  OK  [0m] Created slice system-getty.slice.
[[0;32m  OK  [0m] Started Update UTMP about System Boot/Shutdown.
[    9.449007] cloud-init[640]: Cloud-init v. 18.3-9-g2e62cb8a-0ubuntu1~16.04.2 running 'init-local' at Sat, 13 Oct 2018 17:32:43 +0000. Up 9.13 seconds.
[[0;32m  OK  [0m] Started Initial cloud-init job (pre-networking).
[[0;32m  OK  [0m] Reached target Network (Pre).
[[0;32m  OK  [0m] Started LSB: AppArmor initialization.
         Starting Raise network interfaces...
[[0;32m  OK  [0m] Started Raise network interfaces.
[[0;32m  OK  [0m] Reached target Network.
         Starting Initial cloud-init job (metadata service crawler)...
[   10.502424] cloud-init[938]: Cloud-init v. 18.3-9-g2e62cb8a-0ubuntu1~16.04.2 running 'init' at Sat, 13 Oct 2018 17:32:44 +0000. Up 10.06 seconds.
[   10.507904] cloud-init[938]: ci-info: +++++++++++++++++++++++++++++++++++++Net device info++++++++++++++++++++++++++++++++++++++
[   10.513183] cloud-init[938]: ci-info: +--------+-------+--------------------------+---------------+--------+-------------------+
[   10.519426] cloud-init[938]: ci-info: | Device |   Up  |         Address          |      Mask     | Scope  |     Hw-Address    |
[   10.524523] cloud-init[938]: ci-info: +--------+-------+--------------------------+---------------+--------+-------------------+
[   10.529317] cloud-init[938]: ci-info: | enp0s3 |  True |        10.0.2.15         | 255.255.255.0 | global | 02:28:89:27:00:51 |
[   10.556363] cloud-init[938]: ci-info: | enp0s3 |  True | fe80::28:89ff:fe27:51/64 |       .       |  link  | 02:28:89:27:00:51 |
[   10.561739] cloud-init[938]: ci-info: | enp0s8 | False |            .             |       .       |   .    | 08:00:27:df:e2:91 |
[   10.566965] cloud-init[938]: ci-info: |   lo   |  True |        127.0.0.1         |   255.0.0.0   |  host  |         .         |
[   10.572195] cloud-init[938]: ci-info: |   lo   |  True |         ::1/128          |       .       |  host  |         .         |
[   10.577332] cloud-init[938]: ci-info: +--------+-------+--------------------------+---------------+--------+-------------------+
[   10.582173] cloud-init[938]: ci-info: +++++++++++++++++++++++++++Route IPv4 info++++++++++++++++++++++++++++
[   10.604481] cloud-init[938]: ci-info: +-------+-------------+----------+---------------+-----------+-------+
[   10.605392] cloud-init[938]: ci-info: | Route | Destination | Gateway  |    Genmask    | Interface | Flags |
[   10.605915] cloud-init[938]: ci-info: +-------+-------------+----------+---------------+-----------+-------+
[   10.606297] cloud-init[938]: ci-info: |   0   |   0.0.0.0   | 10.0.2.2 |    0.0.0.0    |   enp0s3  |   UG  |
[   10.606797] cloud-init[938]: ci-info: |   1   |   10.0.2.0  | 0.0.0.0  | 255.255.255.0 |   enp0s3  |   U   |
[   10.607355] cloud-init[938]: ci-info: +-------+-------------+----------+---------------+-----------+-------+
[   10.607813] cloud-init[938]: ci-info: +++++++++++++++++++Route IPv6 info+++++++++++++++++++
[   10.608893] cloud-init[938]: ci-info: +-------+-------------+---------+-----------+-------+
[   10.609203] cloud-init[938]: ci-info: | Route | Destination | Gateway | Interface | Flags |
[   10.609651] cloud-init[938]: ci-info: +-------+-------------+---------+-----------+-------+
[   10.610091] cloud-init[938]: ci-info: |   0   |  fe80::/64  |    ::   |   enp0s3  |   U   |
[   10.610568] cloud-init[938]: ci-info: |   3   |   ff00::/8  |    ::   |   enp0s3  |   U   |
[   10.610945] cloud-init[938]: ci-info: +-------+-------------+---------+-----------+-------+
[   10.611404] cloud-init[938]: Generating public/private rsa key pair.
[   10.611823] cloud-init[938]: Your identification has been saved in /etc/ssh/ssh_host_rsa_key.
[   10.612663] cloud-init[938]: Your public key has been saved in /etc/ssh/ssh_host_rsa_key.pub.
[[0;32m  OK  [0m] Started Initial cloud-init job (metadata service crawler).
[   10.612780] cloud-init[938]: The key fingerprint is:
[[0;32m  OK  [0m[   10.683437] cloud-init[938]: SHA256:Qwpm1/C35pEGpmrC+bP3ROaItjryX1YN2JSv9sG6ktg root@ubuntu-xenial
[   10.685435] cloud-init[938]: The key's randomart image is:
[   10.685960] cloud-init[938]: +---[RSA 2048]----+
[   10.686451] cloud-init[938]: |      . ..       |
[   10.686985] cloud-init[938]: |       B.        |
[   10.687450] cloud-init[938]: |    + o O..      |
[   10.687998] cloud-init[938]: |   o o = =.o     |
[   10.689069] cloud-init[938]: |      o SoB      |
[   10.689578] cloud-init[938]: | . . o *o=o.     |
[   10.689961] cloud-init[938]: |  + =o+ooo..     |
[   10.690409] cloud-init[938]: |. .=o+E.. .      |
[   10.690846] cloud-init[938]: | oo+=+ oo.       |
[   10.691304] cloud-init[938]: +----[SHA256]-----+
[   10.691763] cloud-init[938]: Generating public/private dsa key pair.
[   10.692730] cloud-init[938]: Your identification has been saved in /etc/ssh/ssh_host_dsa_key.
[   10.693251] cloud-init[938]: Your public key has been saved in /etc/ssh/ssh_host_dsa_key.pub.
[   10.693741] cloud-init[938]: The key fingerprint is:
[   10.694243] cloud-init[938]: SHA256:fFzXV+egkf8mYGtGiVLwNyb1eM+f2pII9+hUE3U8quk root@ubuntu-xenial
[   10.694742] cloud-init[938]: The key's randomart image is:
[   10.695293] cloud-init[938]: +---[DSA 1024]----+
[   10.695817] cloud-init[938]: |        ..  o..o+|
[   10.696886] cloud-init[938]: |         ....=.==|
[   10.697514] cloud-init[938]: |         .o.B+= =|
[   10.698018] cloud-init[938]: |       ....===oo.|
[   10.698543] cloud-init[938]: |        S.ooo= .o|
[   10.699045] cloud-init[938]: |         o += o =|
[   10.699595] cloud-init[938]: |          +++ .+.|
[   10.700600] cloud-init[938]: |          .E +o  |
[   10.701197] cloud-init[938]: |          .. ... |
[   10.701710] cloud-init[938]: +----[SHA256]-----+
[   10.702200] cloud-init[938]: Generating public/private ecdsa key pair.
[   10.702746] cloud-init[938]: Your identification has been saved in /etc/ssh/ssh_host_ecdsa_key.
[   10.703235] cloud-init[938]: Your public key has been saved in /etc/ssh/ssh_host_ecdsa_key.pub.
[   10.703732] cloud-init[938]: The key fingerprint is:
[   10.704734] cloud-init[938]: SHA256:GiQDSsy1GbBTxg5v9PLYFWrQz4KH9aXoDrE+cJ32bB4 root@ubuntu-xenial
[   10.705253] cloud-init[938]: The key's randomart image is:
[   10.705744] cloud-init[938]: +---[ECDSA 256]---+
[   10.706234] cloud-init[938]: |oo==.            |
[   10.706745] cloud-init[938]: |.=+=+o . .       |
[   10.707182] cloud-init[938]: |.o=oO B +        |
[   10.707646] cloud-init[938]: |  .O @ *         |
[   10.708235] cloud-init[938]: |  . % = S        |
[   10.708708] cloud-init[938]: | . = B o         |
[   10.709144] cloud-init[938]: |  + + +E         |
[   10.709567] cloud-init[938]: |   o . +.        |
[   10.710055] cloud-init[938]: |    . o.         |
[   10.710487] cloud-init[938]: +----[SHA256]-----+
[   10.710925] cloud-init[938]: Generating public/private ed25519 key pair.
[   10.711390] cloud-init[938]: Your identification has been saved in /etc/ssh/ssh_host_ed25519_key.
[   10.711893] cloud-init[938]: Your public key has been saved in /etc/ssh/ssh_host_ed25519_key.pub.
[   10.712523] cloud-init[938]: The key fingerprint is:
] Reached target System Initialization.
[[   10.712551] cloud-init[938]: SHA256:36A9CjCbkqYqbwheMRC+H/iECYtH31ZSrmWwqm7fjro root@ubuntu-xenial
[   10.787155] cloud-init[938]: The key's randomart image is:
[   10.787570] cloud-init[938]: +--[ED25519 256]--+
[   10.788061] cloud-init[938]: | ..   . .        |
[   10.788461] cloud-init[938]: |..     =         |
[   10.789069] cloud-init[938]: |..o   o =        |
[   10.789397] cloud-init[938]: |oo=+ o *         |
[   10.789847] cloud-init[938]: |o=.oB + S .      |
[   10.790246] cloud-init[938]: |..++.*   + o     |
[   10.790679] cloud-init[938]: |o.*oo . . + .    |
[   10.791112] cloud-init[938]: |o=o. o . . .     |
[   10.791568] cloud-init[938]: |=+E+o.o .        |
[   10.792019] cloud-init[938]: +----[SHA256]-----+
[0;32m  OK  [0m] Started ACPI Events Check.
[[0;32m  OK  [0m] Reached target Paths.
[[0;32m  OK  [0m] Listening on D-Bus System Message Bus Socket.
[[0;32m  OK  [0m] Listening on UUID daemon activation socket.
         Starting LXD - unix socket.
         Starting Socket activation for snappy daemon.
[[0;32m  OK  [0m] Listening on ACPID Listen Socket.
[[0;32m  OK  [0m] Started Daily Cleanup of Temporary Directories.
[[0;32m  OK  [0m] Started Daily apt download activities.
[[0;32m  OK  [0m] Started Daily apt upgrade and clean activities.
[[0;32m  OK  [0m] Reached target Timers.
[[0;32m  OK  [0m] Reached target Cloud-config availability.
[[0;32m  OK  [0m] Reached target Network is Online.
         Starting iSCSI initiator daemon (iscsid)...
[[0;32m  OK  [0m] Listening on LXD - unix socket.
[[0;32m  OK  [0m] Listening on Socket activation for snappy daemon.
[[0;32m  OK  [0m] Reached target Sockets.
[[0;32m  OK  [0m] Reached target Basic System.
         Starting Accounts Service...
         Starting LSB: Record successful boot for GRUB...
         Starting Pollinate to seed the pseudo random number generator...
[[0;32m  OK  [0m] Started D-Bus System Message Bus.
         Starting LXD - container startup/shutdown...
[[0;32m  OK  [0m] Started FUSE filesystem for LXC.
         Starting LSB: MD monitoring daemon...
         Starting Snappy daemon...
[[0;32m  OK  [0m] Started Deferred execution scheduler.
         Starting Login Service...
         Starting Virtualbox guest utils...
         Starting System Logging Service...
[[0;32m  OK  [0m] Started Regular background program processing daemon.
         Starting /etc/rc.local Compatibility...
[[0;32m  OK  [0m] Started Unattended Upgrades Shutdown.
[[0;32m  OK  [0m] Started ACPI event daemon.
[[0;32m  OK  [0m] Started iSCSI initiator daemon (iscsid).
[[0;32m  OK  [0m] Started /etc/rc.local Compatibility.
[[0;32m  OK  [0m] Started LSB: Record successful boot for GRUB.
[[0;32m  OK  [0m] Started System Logging Service.
         Starting Authenticate and Authorize Users to Run Privileged Tasks...
         Starting Login to default iSCSI targets...
[[0;32m  OK  [0m] Started LSB: MD monitoring daemon.
[[0;32m  OK  [0m] Started Login Service.
[[0;32m  OK  [0m] Started Virtualbox guest utils.
[[0;32m  OK  [0m] Started Authenticate and Authorize Users to Run Privileged Tasks.
[[0;32m  OK  [0m] Started Accounts Service.
[[0;32m  OK  [0m] Started Login to default iSCSI targets.
[[0;32m  OK  [0m] Started LXD - container startup/shutdown.
[[0;32m  OK  [0m] Reached target Remote File Systems (Pre).
[[0;32m  OK  [0m] Reached target Remote File Systems.
         Starting LSB: automatic crash report generation...
         Starting Permit User Sessions...
         Starting LSB: daemon to balance interrupts for SMP systems...
         Starting LSB: Set the CPU Frequency Scaling governor to "ondemand"...
[[0;32m  OK  [0m] Started Permit User Sessions.
         Starting Terminate Plymouth Boot Screen...
         Starting Hold until boot process finishes up...
[[0;32m  OK  [0m] Started LSB: automatic crash report generation.
[[0;32m  OK  [0m] Started LSB: daemon to balance interrupts for SMP systems.
[[0;32m  OK  [0m] Started LSB: Set the CPU Frequency Scaling governor to "ondemand".
[[0;32m  OK  [0m] Started Terminate Plymouth Boot Screen.
[[0;32m  OK  [0m] Started Hold until boot process finishes up.
[[0;32m  OK  [0m] Started Snappy daemon.
         Starting Wait until snapd is fully seeded...
         Starting Set console scheme...
[[0;32m  OK  [0m] Started Getty on tty1.
[[0;32m  OK  [0m] Started Serial Getty on ttyS0.
[[0;32m  OK  [0m] Reached target Login Prompts.
[[0;32m  OK  [0m] Started Set console scheme.
[[0;32m  OK  [0m] Started Pollinate to seed the pseudo random number generator.
         Starting OpenBSD Secure Shell server...
[[0;32m  OK  [0m] Started OpenBSD Secure Shell server.
[[0;32m  OK  [0m] Created slice User Slice of vagrant.
         Starting User Manager for UID 1000...
[[0;32m  OK  [0m] Started Session 1 of user vagrant.
[[0;32m  OK  [0m] Started User Manager for UID 1000.
[[0;32m  OK  [0m] Started Wait until snapd is fully seeded.
         Starting Apply the settings specified in cloud-config...
[[0;32m  OK  [0m] Reached target Multi-User System.
[[0;32m  OK  [0m] Reached target Graphical Interface.
         Starting Update UTMP about System Runlevel Changes...
[[0;32m  OK  [0m] Started Update UTMP about System Runlevel Changes.
[   14.167817] cloud-init[1416]: Generating locales (this might take a while)...
[   14.816219] cloud-init[1416]:   en_US.UTF-8... done
[   14.820889] cloud-init[1416]: Generation complete.
[   15.028140] cloud-init[1416]: Cloud-init v. 18.3-9-g2e62cb8a-0ubuntu1~16.04.2 running 'modules:config' at Sat, 13 Oct 2018 17:32:48 +0000. Up 14.08 seconds.
[[0;32m  OK  [0m] Started Apply the settings specified in cloud-config.
         Starting Execute cloud user/final scripts...
         Stopping User Manager for UID 1000...
[[0;32m  OK  [0m] Stopped User Manager for UID 1000.
[[0;32m  OK  [0m] Removed slice User Slice of vagrant.
[[0;32m  OK  [0m] Created slice User Slice of vagrant.
         Starting User Manager for UID 1000...
[[0;32m  OK  [0m] Started Session 2 of user vagrant.
[[0;32m  OK  [0m] Started User Manager for UID 1000.
ci-info: no authorized ssh keys fingerprints found for user ubuntu.
<14>Oct 13 17:32:49 ec2: 
<14>Oct 13 17:32:49 ec2: #############################################################
<14>Oct 13 17:32:49 ec2: -----BEGIN SSH HOST KEY FINGERPRINTS-----
<14>Oct 13 17:32:49 ec2: 1024 SHA256:fFzXV+egkf8mYGtGiVLwNyb1eM+f2pII9+hUE3U8quk root@ubuntu-xenial (DSA)
<14>Oct 13 17:32:49 ec2: 256 SHA256:GiQDSsy1GbBTxg5v9PLYFWrQz4KH9aXoDrE+cJ32bB4 root@ubuntu-xenial (ECDSA)
<14>Oct 13 17:32:49 ec2: 256 SHA256:36A9CjCbkqYqbwheMRC+H/iECYtH31ZSrmWwqm7fjro root@ubuntu-xenial (ED25519)
<14>Oct 13 17:32:49 ec2: 2048 SHA256:Qwpm1/C35pEGpmrC+bP3ROaItjryX1YN2JSv9sG6ktg root@ubuntu-xenial (RSA)
<14>Oct 13 17:32:49 ec2: -----END SSH HOST KEY FINGERPRINTS-----
<14>Oct 13 17:32:49 ec2: #############################################################
-----BEGIN SSH HOST KEY KEYS-----
ecdsa-sha2-nistp256 AAAAE2VjZHNhLXNoYTItbmlzdHAyNTYAAAAIbmlzdHAyNTYAAABBBITrR+xT+HbM0WbXmFCtwva1oPOO9um1OLbRXB9CQkoGVyFNACdxjBIitAv7erP/qm7teoXWWsNGUWGTbuquQjo= root@ubuntu-xenial
ssh-ed25519 AAAAC3NzaC1lZDI1NTE5AAAAIHq9ZrzSRQp0AA2zSVxADK2bi0mjUBHoOf9VmuJnhuer root@ubuntu-xenial
ssh-rsa AAAAB3NzaC1yc2EAAAADAQABAAABAQCi5Hg2burKfCbgPLoq/KomT1IlnCWMUupvQD9HgU/42CgrxEZRmas48ViozEouDZtFwmwuwXXpz9AHg2GFA2uJmHtGy5ncFENNYvuV92yRatekoI5Kmm7Jrpdwp4CAZQzCupH0Wcjpsut06VMEB9Ff0/j0Gjf7ShqXMeryoSw7E0DEOkITSqfhWk2PzllMkrH3+K6/1W4fdXxIBin5pFlz+YDk69E7lMVxT9aEU7o8vI1UFv/vfePROnWRHkqGWL5EaTho+9lM/zowsMxT9mi8Tvhzh5k8juFSuJZSMo4VRFcRM5b7qbMoC9cy3Evzcc4tTk8OM8DzOUDehnuXh8hz root@ubuntu-xenial
-----END SSH HOST KEY KEYS-----
[   15.416377] cloud-init[1498]: Cloud-init v. 18.3-9-g2e62cb8a-0ubuntu1~16.04.2 running 'modules:final' at Sat, 13 Oct 2018 17:32:49 +0000. Up 15.27 seconds.
[   15.423207] cloud-init[1498]: ci-info: no authorized ssh keys fingerprints found for user ubuntu.
[   15.428369] cloud-init[1498]: Cloud-init v. 18.3-9-g2e62cb8a-0ubuntu1~16.04.2 finished at Sat, 13 Oct 2018 17:32:49 +0000. Datasource DataSourceNoCloud [seed=/dev/sdb][dsmode=net].  Up 15.41 seconds
[[0;32m  OK  [0m] Started Execute cloud user/final scripts.
[[0;32m  OK  [0m] Reached target Cloud-init target.

Ubuntu 16.04.5 LTS Kubernetes ttyS0

Kubernetes login: 